// Jest Snapshot v1, https://goo.gl/fbAQLP

exports[`Exemplar react-test-renderer Snapshot test renders homepage unchanged 1`] = `
<div
  className="container"
>
  <main>
    <h1>
      Placeholder Claim Tracker Application
    </h1>
    <p />
    <button
      onClick={[Function]}
      onMouseEnter={[Function]}
    >
      En español
    </button>
  </main>
  <footer>
    Placeholder footer
  </footer>
</div>
`;
