// Jest Snapshot v1, https://goo.gl/fbAQLP

exports[`Full page snapshot renders homepage unchanged 1`] = `
<div
  className="index container-fluid"
>
  <header
    className="header border-bottom border-secondary"
  >
    <nav
      className="justify-content-between navbar navbar-expand-lg navbar-dark"
      fixed-top="true"
    >
      <div
        className="container"
      >
        <span>
          <span
            className="navbar-brand"
            onClick={[Function]}
            rel="noopener noreferrer"
            target="_blank"
          >
            <img
              alt="CA.gov"
              className="opener"
              height="34"
              src="/images/Ca-Gov-Logo-Gold.svg"
              width="46"
            />
          </span>
        </span>
        <div
          className="navbar-nav"
          onKeyDown={[Function]}
        >
          <div
            aria-expanded={null}
            className="navbar-collapse collapse"
          >
            <span>
              <a
                className="nav-link"
                data-rb-event-key={null}
                href="#"
                onClick={[Function]}
                onKeyDown={[Function]}
                rel="noopener noreferrer"
                role="button"
                target="_blank"
              >
                <span
                  className="text opener"
                >
                  EDD Home
                </span>
              </a>
            </span>
          </div>
          <a
            className="nav-link"
            data-rb-event-key="https://uio.edd.ca.gov/UIO/Pages/Public/help/index.htm#t=en-US/Public/NewClaim/UIOnlineNewClaimLandingPage.htm"
            href="https://uio.edd.ca.gov/UIO/Pages/Public/help/index.htm#t=en-US/Public/NewClaim/UIOnlineNewClaimLandingPage.htm"
            onClick={[Function]}
            onKeyDown={[Function]}
            rel="noopener noreferrer"
            target="_blank"
          >
            <span
              className="text"
            >
              Help
            </span>
          </a>
          <a
            className="nav-link"
            data-rb-event-key="https://uio.edd.ca.gov/claimstatus/icamLogout"
            href="https://uio.edd.ca.gov/claimstatus/icamLogout"
            onClick={[Function]}
            onKeyDown={[Function]}
          >
            <span
              className="text"
            >
              Log Out
            </span>
          </a>
        </div>
      </div>
    </nav>
    <nav
      className="justify-content-between navbar navbar-expand-lg navbar-light"
    >
      <div
        className="container"
      >
        <span>
          <span
            className="navbar-brand"
            onClick={[Function]}
            rel="noopener noreferrer"
            target="_blank"
          >
            <img
              alt="EDD Employment Development Department State of California Home"
              className="edd-logo d-inline-block align-top mr-5 opener"
              height="60"
              src="/images/edd-logo-2-Color.svg"
              width="171"
            />
          </span>
        </span>
        <button
          aria-controls="basic-navbar-nav"
          aria-label="Toggle navigation"
          className="navbar-toggler collapsed"
          onClick={[Function]}
          type="button"
        >
          <span
            className="navbar-toggler-icon"
          />
        </button>
        <div
          aria-expanded={null}
          className="navbar-collapse collapse"
        >
          <div
            className="header-icon navbar-nav"
            onKeyDown={[Function]}
          >
            <a
              className="nav-link"
              data-rb-event-key="https://uio.edd.ca.gov/UIO/Pages/ExternalUser/ClaimantAccountManagement/UIOnlineHome.aspx"
              href="https://uio.edd.ca.gov/UIO/Pages/ExternalUser/ClaimantAccountManagement/UIOnlineHome.aspx"
              onClick={[Function]}
              onKeyDown={[Function]}
              rel="noopener noreferrer"
            >
              <span
                className="ca-gov-icon-home"
              />
              <span
                className="text"
              >
                UI Home
              </span>
            </a>
          </div>
          <div
            className="header-icon navbar-nav"
            onKeyDown={[Function]}
          >
            <a
              className="nav-link"
              data-rb-event-key="https://uio.edd.ca.gov/UIO/Pages/ExternalUser/Certification/AvailableWeeksNotification.aspx"
              href="https://uio.edd.ca.gov/UIO/Pages/ExternalUser/Certification/AvailableWeeksNotification.aspx"
              onClick={[Function]}
              onKeyDown={[Function]}
              rel="noopener noreferrer"
            >
              <span
                className="ca-gov-icon-file-check"
              />
              <span
                className="text"
              >
                Certify
              </span>
            </a>
          </div>
          <div
            className="header-icon navbar-nav"
            onKeyDown={[Function]}
          >
            <a
              className="nav-link"
              data-rb-event-key="https://uio.edd.ca.gov/UIO/Pages/ExternalUser/ClaimantAccountManagement/PaymentActivity.aspx"
              href="https://uio.edd.ca.gov/UIO/Pages/ExternalUser/ClaimantAccountManagement/PaymentActivity.aspx"
              onClick={[Function]}
              onKeyDown={[Function]}
              rel="noopener noreferrer"
            >
              <span
                className="ca-gov-icon-currency"
              />
              <span
                className="text"
              >
                Payments
              </span>
            </a>
          </div>
          <div
            className="header-icon navbar-nav"
            onKeyDown={[Function]}
          >
            <a
              className="nav-link"
              data-rb-event-key="https://uio.edd.ca.gov/UIO/Pages/ExternalUser/ClaimantAccountManagement/ClaimHistory.aspx"
              href="https://uio.edd.ca.gov/UIO/Pages/ExternalUser/ClaimantAccountManagement/ClaimHistory.aspx"
              onClick={[Function]}
              onKeyDown={[Function]}
              rel="noopener noreferrer"
            >
              <span
                className="ca-gov-icon-clock"
              />
              <span
                className="text"
              >
                History
              </span>
            </a>
          </div>
          <div
            className="header-icon navbar-nav"
            onKeyDown={[Function]}
          >
            <a
              className="nav-link"
              data-rb-event-key="https://uio.edd.ca.gov/claimstatus"
              href="https://uio.edd.ca.gov/claimstatus"
              onClick={[Function]}
              onKeyDown={[Function]}
              rel="noopener noreferrer"
            >
              <span
                className="ca-gov-icon-file-medical-alt"
              />
              <span
                className="text"
              >
                Status
              </span>
            </a>
          </div>
          <div
            className="header-icon navbar-nav"
            onKeyDown={[Function]}
          >
            <a
              className="nav-link"
              data-rb-event-key="https://uio.edd.ca.gov/UIO/Pages/ExternalUser/ClaimantAccountManagement/PersonalProfile.aspx"
              href="https://uio.edd.ca.gov/UIO/Pages/ExternalUser/ClaimantAccountManagement/PersonalProfile.aspx"
              onClick={[Function]}
              onKeyDown={[Function]}
              rel="noopener noreferrer"
            >
              <span
                className="ca-gov-icon-person"
              />
              <span
                className="text"
              >
                Profile
              </span>
            </a>
          </div>
          <div
            className="header-icon navbar-nav"
            onKeyDown={[Function]}
          >
            <a
              className="nav-link"
              data-rb-event-key="https://uio.edd.ca.gov/UIO/Pages/ExternalUser/ClaimantAccountManagement/Inbox.aspx"
              href="https://uio.edd.ca.gov/UIO/Pages/ExternalUser/ClaimantAccountManagement/Inbox.aspx"
              onClick={[Function]}
              onKeyDown={[Function]}
              rel="noopener noreferrer"
            >
              <span
                className="ca-gov-icon-email"
              />
              <span
                className="text"
              >
                Inbox
              </span>
            </a>
          </div>
          <div
            className="header-icon navbar-nav"
            onKeyDown={[Function]}
          >
            <a
              className="nav-link"
              data-rb-event-key="https://uio.edd.ca.gov/UIO/Pages/ExternalUser/WebCorrespondence/ContactUs.aspx"
              href="https://uio.edd.ca.gov/UIO/Pages/ExternalUser/WebCorrespondence/ContactUs.aspx"
              onClick={[Function]}
              onKeyDown={[Function]}
              rel="noopener noreferrer"
            >
              <span
                className="ca-gov-icon-users-dialog"
              />
              <span
                className="text"
              >
                Contact
              </span>
            </a>
          </div>
        </div>
      </div>
    </nav>
  </header>
  <main
    className="main"
  >
    <div
      className="main-content container"
    >
      <h1
        className="title"
      >
        Claim Status Tracker
      </h1>
      <div
        className="claim-section"
      >
        <div
          className="claim-status claim-section"
        >
          <h2>
            Claim Status
          </h2>
          <div
            className="pending-status claim-subsection"
          >
            <h3
              className="header-line"
            >
              Pending Eligibility — Phone Interview Will Be Scheduled
            </h3>
          </div>
          <div
            className="summary"
          >
            <div
              className="summary-section"
            >
              We identified an issue that could make you ineligible for benefits. We need to confirm your eligibility in a phone interview.
            </div>
          </div>
          <div
            className="next-steps claim-subsection"
          >
            <h3
              className="next-steps-header"
            >
              Your Next Steps
            </h3>
            <div
              className="next-step-explanation"
            >
              <ul>
                <li
                  className="next-step"
                >
                  Confirm we have your current phone number and mailing address. Go to the 
                  <a
                    href="https://uio.edd.ca.gov/UIO/Pages/ExternalUser/ClaimantAccountManagement/UIOnlineHome.aspx"
                  >
                    UI Online homepage
                  </a>
                  , select 
                  <strong>
                    Profile
                  </strong>
                   from the main menu, then select 
                  <strong>
                    Contact Information
                  </strong>
                  .
                  <div
                    className="sub-bullets"
                  />
                </li>
                <li
                  className="next-step"
                >
                  Check your mail for the 
                  &lt;em&gt;Notification of Unemployment Insurance Benefits Eligibility Interview&lt;/em&gt;
                   (DE 4800). It will explain the issue and help you prepare for the interview.
                  <div
                    className="sub-bullets"
                  />
                </li>
              </ul>
            </div>
          </div>
          <div
            className="next-steps claim-subsection"
          >
            <h3
              className="next-steps-header"
            >
              EDD Next Steps
            </h3>
            <div
              className="next-step-explanation"
            >
              <ul>
                <li
                  className="next-step"
                >
                  We will schedule a phone interview to determine your eligibility for benefits. This page will be updated with appointment details once your interview is scheduled.
                  <div
                    className="sub-bullets"
                  />
                </li>
              </ul>
            </div>
          </div>
        </div>
        <div
          className="claim-details claim-section container"
        >
          <h2
            className="claim-details-title"
          >
            Claim Details
          </h2>
          <div
            className="claim-details-box"
          >
            <div
              className="row"
            >
              <div
                className="col-6"
              >
                <div
                  className="info"
                >
                  <div
                    className="info-label"
                  >
                    Claim Type
                  </div>
                  <div
                    className="info-entry"
                  >
                    Unemployment Insurance (UI)
                  </div>
                </div>
                <div
                  className="info"
                >
                  <div
                    className="info-label"
                  >
                    Benefit Year
                  </div>
                  <div
                    className="info-entry"
                  >
                    3/21/2020–3/20/2021
                  </div>
                </div>
                <div
                  className="info"
                >
                  <div
                    className="info-label"
                  >
                    Claim Balance
                  </div>
                  <div
                    className="info-entry"
                  >
                    $1,100.45
                  </div>
                </div>
                <div
                  className="info"
                >
                  <div
                    className="info-label"
                  >
                    Weekly Benefit Amount
                  </div>
                  <div
                    className="info-entry"
                  >
                    $111.00
                  </div>
                </div>
                <div
                  className="info"
                >
                  <div
                    className="info-label"
                  >
                    Last Payment Issued
                  </div>
                  <div
                    className="info-entry"
                  >
                    $100.00 on 4/29/2021
                  </div>
                </div>
              </div>
            </div>
          </div>
        </div>
      </div>
    </div>
  </main>
  <footer
    className="footer"
  >
    <div
      className="container"
    >
      <nav
        className="justify-content-between navbar navbar-expand navbar-dark"
      >
        <div
          className="flex-column flex-sm-row navbar-nav"
          onKeyDown={[Function]}
        >
          <a
            className="nav-link"
            data-rb-event-key="#top"
            href="#top"
            onClick={[Function]}
            onKeyDown={[Function]}
          >
            Back to Top
          </a>
          <span>
            <a
              className="nav-link"
              data-rb-event-key={null}
              href="#"
              onClick={[Function]}
              onKeyDown={[Function]}
              rel="noopener noreferrer"
              role="button"
              target="_blank"
            >
              <span
                className="text opener"
              >
                Contact EDD
              </span>
            </a>
          </span>
          <span>
            <a
              className="nav-link"
              data-rb-event-key={null}
              href="#"
              onClick={[Function]}
              onKeyDown={[Function]}
              rel="noopener noreferrer"
              role="button"
              target="_blank"
            >
              <span
                className="text opener"
              >
                Conditions of Use
              </span>
            </a>
          </span>
          <span>
            <a
              className="nav-link"
              data-rb-event-key={null}
              href="#"
              onClick={[Function]}
              onKeyDown={[Function]}
              rel="noopener noreferrer"
              role="button"
              target="_blank"
            >
              <span
                className="text opener"
              >
                Privacy Policy
              </span>
            </a>
          </span>
          <span>
            <a
              className="nav-link"
              data-rb-event-key={null}
              href="#"
              onClick={[Function]}
              onKeyDown={[Function]}
              rel="noopener noreferrer"
              role="button"
              target="_blank"
            >
              <span
                className="text opener"
              >
                Accessibility
              </span>
            </a>
          </span>
        </div>
      </nav>
    </div>
    <div
      className="secondary-footer"
    >
      <div
        className="container"
      >
        <div
          className="copyright"
        >
          Copyright © 2021 State of California
        </div>
      </div>
    </div>
  </footer>
</div>
`;
