// Jest Snapshot v1, https://goo.gl/fbAQLP

exports[`Exemplar react-test-renderer Snapshot test renders homepage unchanged 1`] = `
<div
  className="index container-fluid"
>
  <header
    className="header border-bottom border-secondary"
  >
    <nav
      className="justify-content-between navbar navbar-expand-lg navbar-dark"
      fixed-top="true"
    >
      <a
        className="navbar-brand"
        href="https://ca.gov"
        rel="noopener noreferrer"
        target="_blank"
      >
        <img
          alt="CA.gov"
          height="34"
          src="/claimstatus/images/Ca-Gov-Logo-Gold.svg"
          width="46"
        />
      </a>
      <div
        className="navbar-nav"
        onKeyDown={[Function]}
      >
        <div
          aria-expanded={null}
          className="navbar-collapse collapse"
        >
          <a
            className="nav-link"
            data-rb-event-key="https://edd.ca.gov"
            href="https://edd.ca.gov"
            onClick={[Function]}
            onKeyDown={[Function]}
            rel="noopener noreferrer"
            target="_blank"
          >
            <span
              className="text"
            >
              EDD Home
            </span>
          </a>
        </div>
        <a
          className="nav-link"
          data-rb-event-key="https://askedd.edd.ca.gov/"
          href="https://askedd.edd.ca.gov/"
          onClick={[Function]}
          onKeyDown={[Function]}
          rel="noopener noreferrer"
          target="_blank"
        >
          <span
            className="text"
          >
            Help
          </span>
        </a>
        <a
          className="nav-link"
          data-rb-event-key="https://edd.ca.gov/login.htm"
          href="https://edd.ca.gov/login.htm"
          onClick={[Function]}
          onKeyDown={[Function]}
          rel="noopener noreferrer"
          target="_blank"
        >
          <span
            className="text"
          >
            Log out
          </span>
        </a>
      </div>
    </nav>
    <nav
      className="justify-content-between navbar navbar-expand-lg navbar-light"
    >
      <a
        className="navbar-brand"
        href="https://edd.ca.gov"
        rel="noopener noreferrer"
        target="_blank"
      >
        <img
          alt="EDD Employment Development Department State of California Home"
          className="d-inline-block align-top mr-5"
          height="60"
          src="/claimstatus/images/edd-logo-2-Color.svg"
          width="171"
        />
      </a>
      <button
        aria-controls="basic-navbar-nav"
        aria-label="Toggle navigation"
        className="navbar-toggler collapsed"
        onClick={[Function]}
        type="button"
      >
        <span
          className="navbar-toggler-icon"
        />
      </button>
      <div
        aria-expanded={null}
        className="navbar-collapse collapse"
      >
        <div
          className="navbar-nav"
          onKeyDown={[Function]}
        >
          <a
            className="nav-link"
            data-rb-event-key="https://uio.edd.ca.gov"
            href="https://uio.edd.ca.gov"
            onClick={[Function]}
            onKeyDown={[Function]}
            rel="noopener noreferrer"
            target="_blank"
          >
            <span
              className="text"
            >
              UI Online Home
            </span>
          </a>
        </div>
      </div>
    </nav>
  </header>
  <main
    className="main"
  >
    <div
      className="main-content container"
    >
      <div
        className="breadcrumbs"
      >
        <a
          href="https://uio.edd.ca.gov"
        >
          <span
            className="text"
          >
            UI Online
          </span>
        </a>
        <svg
          className="bi bi-chevron-right"
          fill="#565C65"
          height="12"
          viewBox="0 0 16 16"
          width="12"
          xmlns="http://www.w3.org/2000/svg"
        >
          <path
            d="M4.646 1.646a.5.5 0 0 1 .708 0l6 6a.5.5 0 0 1 0 .708l-6 6a.5.5 0 0 1-.708-.708L10.293 8 4.646 2.354a.5.5 0 0 1 0-.708z"
            fillRule="evenodd"
          />
        </svg>
        <a
          href="https://uio.edd.ca.gov"
        >
          <span
            className="text"
          >
            Your Claims
          </span>
        </a>
      </div>
      <h1
        className="title"
      >
        Claim Tracker
      </h1>
      <div
        className="language-switcher"
      >
        <span
          className="text"
          onClick={[Function]}
          onMouseEnter={[Function]}
        >
          En español
        </span>
      </div>
      <div
        className="claim-section"
      >
        <div
          className="claim-status"
        >
          <h2>
            Claim Status
          </h2>
          <div
            className="pending-status"
          >
            Your payments are pending further review.
          </div>
          <div
            className="status-box"
          >
            <div
              className="topbar"
            >
              You need to:
            </div>
            <div
              className="explanation"
            >
              <div
                className="next-steps"
              >
                <ul>
                  <li
                    className="next-step"
                  >
                    Ut enim ad minim veniam, quis nostrud exercitation ullamco laboris nisi ut aliquip ex ea commodo consequat.
                  </li>
                  <li
                    className="next-step"
                  >
                    Duis aute irure dolor in reprehenderit in voluptate velit esse cillum dolore eu fugiat nulla pariatur.
                  </li>
                </ul>
              </div>
              <span
                className="claim-status-date"
              >
                 
                Posted February 25th, 2021
              </span>
            </div>
          </div>
          <a
            href="https://uio.edd.ca.gov"
          >
            <button
              className="btn btn-primary"
              type="button"
            >
              Manage Claim
            </button>
          </a>
        </div>
        <div
          className="claim-details container"
        >
          <h2>
            Claim Details
          </h2>
          <div
            className="claim-details-box"
          >
            <div
              className="row"
            >
              <div
                className="col-12"
              >
                <div
                  className="info"
                >
                  <h3
                    className="info-label"
                  >
                    Program Type
                  </h3>
                  <span
                    className="info-entry-primary"
                  >
                    Unemployment Insurance (UI)
                  </span>
                </div>
              </div>
            </div>
            <div
              className="row"
            >
              <div
                className="col-6"
              >
                <div
                  className="info"
                >
                  <h3
                    className="info-label"
                  >
                    Benefit Year
                  </h3>
                  <span
                    className="info-entry"
                  >
                    3/21/2020 - 3/20/2021
                  </span>
                </div>
                <div
                  className="info"
                >
                  <h3
                    className="info-label"
                  >
                    Claim Balance
                  </h3>
                  <span
                    className="info-entry"
                  >
                    $0.00
                  </span>
                </div>
                <div
                  className="info"
                >
                  <h3
                    className="info-label"
                  >
                    Weekly Benefit Amount
                  </h3>
                  <span
                    className="info-entry"
                  >
                    $111.00
                  </span>
                </div>
                <div
                  className="info"
                >
                  <h3
                    className="info-label"
                  >
                    Last Payment Issued
                  </h3>
                  <span
                    className="info-entry"
                  >
                    4/29/2021
                  </span>
                </div>
              </div>
              <div
                className="col-6"
              >
                <div />
                <div
                  className="info"
                >
                  <h3
                    className="info-label"
                  >
                    Extension Type
                  </h3>
                  <span
                    className="info-entry"
                  >
                    Tier 2 Extension
                  </span>
                </div>
                <div
                  className="info"
                >
                  <h3
                    className="info-label"
                  >
                    Extension End Date
                  </h3>
                  <span
                    className="info-entry"
                  >
                    5/22/2021
                  </span>
                </div>
              </div>
            </div>
          </div>
        </div>
      </div>
      <div
        className="feedback"
      >
        <div
          className="feedback-content"
        >
          <div
            className="feedback-title"
          >
            Help us improve this page
          </div>
          <div
            className="feedback-message"
          >
            This is a new part of UI Online. 
            <a
              href="https://navapbc.com"
            >
              Your Feedback
            </a>
             will help us improve it.
          </div>
        </div>
      </div>
    </div>
  </main>
  <footer
    className="footer"
  >
    <div
      className="container"
    >
      <nav
        className="justify-content-between navbar navbar-expand navbar-dark"
      >
        <div
          className="flex-column flex-sm-row navbar-nav"
          onKeyDown={[Function]}
        >
          <a
            className="nav-link"
            data-rb-event-key="#top"
            href="#top"
            onClick={[Function]}
            onKeyDown={[Function]}
          >
            Back to Top
          </a>
          <a
            className="nav-link"
            data-rb-event-key="https://edd.ca.gov/about_edd/contact_edd.htm"
            href="https://edd.ca.gov/about_edd/contact_edd.htm"
            onClick={[Function]}
            onKeyDown={[Function]}
            rel="noopener noreferrer"
            target="_blank"
          >
            Contact EDD
          </a>
          <a
            className="nav-link"
            data-rb-event-key="https://edd.ca.gov/about_edd/conditions_of_use.htm"
            href="https://edd.ca.gov/about_edd/conditions_of_use.htm"
            onClick={[Function]}
            onKeyDown={[Function]}
            rel="noopener noreferrer"
            target="_blank"
          >
            Conditions of Use
          </a>
          <a
            className="nav-link"
            data-rb-event-key="https://edd.ca.gov/about_edd/privacy_policy.htm"
            href="https://edd.ca.gov/about_edd/privacy_policy.htm"
            onClick={[Function]}
            onKeyDown={[Function]}
            rel="noopener noreferrer"
            target="_blank"
          >
            Privacy Policy
          </a>
          <a
            className="nav-link"
            data-rb-event-key="https://edd.ca.gov/about_edd/accessibility.htm"
            href="https://edd.ca.gov/about_edd/accessibility.htm"
            onClick={[Function]}
            onKeyDown={[Function]}
            rel="noopener noreferrer"
            target="_blank"
          >
            Accessibility
          </a>
        </div>
      </nav>
    </div>
    <div
      className="secondary-footer"
    >
      <div
        className="container"
      >
        <div
          className="copyright"
        >
          Copyright © 2021 State of California
        </div>
      </div>
    </div>
  </footer>
   
</div>
`;
